BEGIN;
CREATE EXTENSION pgcrypto;
CREATE EXTENSION sys_syn;
CREATE EXTENSION hstore;
CREATE EXTENSION dblink;
CREATE EXTENSION sys_syn_dblink;
SELECT  dblink_connect('sys_syn_dblink_test', 'dbname=contrib_regression host=' ||
        quote_literal(split_part((SELECT pg_settings.setting FROM pg_settings WHERE pg_settings.name = 'unix_socket_directories'), ', ', 1)));
 dblink_connect 
----------------
 OK
(1 row)

SELECT dblink_disconnect('sys_syn_dblink_test');
 dblink_disconnect 
-------------------
 OK
(1 row)

ROLLBACK;
