BEGIN;
CREATE EXTENSION sys_syn_dblink;
CREATE SCHEMA "Processor Schema"
        AUTHORIZATION postgres;
SELECT  dblink_connect('SysSyn Data', 'dbname=contrib_regression host=' ||
        quote_literal(split_part((SELECT pg_settings.setting FROM pg_settings WHERE pg_settings.name = 'unix_socket_directories'), ', ', 1)));
 dblink_connect 
----------------
 OK
(1 row)

SELECT dblink_exec('SysSyn Data', 'BEGIN');
 dblink_exec 
-------------
 BEGIN
(1 row)

INSERT INTO sys_syn_dblink.in_groups_def VALUES ('SysSyn Data', 'In Group');
INSERT INTO sys_syn_dblink.out_groups_def VALUES ('SysSyn Data', 'Out Group');
INSERT INTO sys_syn_dblink.put_groups_def VALUES ('Put Group');
SELECT sys_syn_dblink.processing_table_add (
        proc_schema     => '"Processor Schema"'::regnamespace,
        in_table_id     => 'Test Table',
        out_group_id    => 'Out Group',
        put_group_id    => 'Put Group',
        dblink_connname => 'SysSyn Data');
 processing_table_add 
----------------------
 
(1 row)

SELECT * FROM "Processor Schema"."Test Table_Out Group_claim"();
 Test Table_Out Group_claim 
----------------------------
 t
(1 row)

SELECT * FROM "Processor Schema"."Test Table_Out Group_pull"();
 Test Table_Out Group_pull 
---------------------------
 t
(1 row)

SELECT * FROM "Processor Schema"."Test Table_Out Group_process"();
 Test Table_Out Group_process 
------------------------------
 t
(1 row)

SELECT * FROM "Processor Schema"."Test Table_Out Group_push_status"();
 Test Table_Out Group_push_status 
----------------------------------
 t
(1 row)

SELECT dblink_exec('SysSyn Data', 'ROLLBACK');
 dblink_exec 
-------------
 ROLLBACK
(1 row)

SELECT dblink_disconnect('SysSyn Data');
 dblink_disconnect 
-------------------
 OK
(1 row)

ROLLBACK;
