BEGIN;
CREATE EXTENSION sys_syn_dblink;
CREATE SCHEMA processor_data
        AUTHORIZATION postgres;
SELECT  dblink_connect('sys_syn_test', 'dbname=contrib_regression host=' ||
        quote_literal(split_part((SELECT pg_settings.setting FROM pg_settings WHERE pg_settings.name = 'unix_socket_directories'), ', ', 1)));
 dblink_connect 
----------------
 OK
(1 row)

SELECT dblink_exec('sys_syn_test', 'BEGIN');
 dblink_exec 
-------------
 BEGIN
(1 row)

INSERT INTO sys_syn_dblink.in_groups_def VALUES ('sys_syn_test', 'in');
INSERT INTO sys_syn_dblink.out_groups_def VALUES ('sys_syn_test', 'out');
INSERT INTO sys_syn_dblink.put_groups_def VALUES ('put');
SELECT sys_syn_dblink.processing_table_create (
        proc_schema     => 'processor_data',
        in_table_id     => 'test_table',
        out_group_id    => 'out',
        put_group_id    => 'put',
        dblink_connname => 'sys_syn_test');
 processing_table_create 
-------------------------
 
(1 row)

SELECT * FROM processor_data.test_table_out_0_claim();
 test_table_out_0_claim 
------------------------
 t
(1 row)

SELECT * FROM processor_data.test_table_out_0_pull();
 test_table_out_0_pull 
-----------------------
 t
(1 row)

SELECT  trans_id_in, delta_type, queue_priority, hold_updated, prior_hold_reason_count, prior_hold_reason_id, prior_hold_reason_text, id, attributes, no_diff
FROM    processor_data.test_table_out_0_processing
ORDER BY id, attributes;
 trans_id_in | delta_type | queue_priority | hold_updated | prior_hold_reason_count | prior_hold_reason_id | prior_hold_reason_text | id  |   attributes    | no_diff 
-------------+------------+----------------+--------------+-------------------------+----------------------+------------------------+-----+-----------------+---------
           1 | Add        |                |              |                         |                      |                        | (1) | ("test_data 1") | 
           1 | Add        |                |              |                         |                      |                        | (2) | ("test_data 2") | 
           1 | Add        |                |              |                         |                      |                        | (3) | ("test_data 3") | 
(3 rows)

SELECT * FROM processor_data.test_table_out_0_process();
 test_table_out_0_process 
--------------------------
 t
(1 row)

SELECT  *
FROM    processor_data.test_table_out
ORDER BY test_table_id, test_table_text;
 test_table_id | test_table_text 
---------------+-----------------
             1 | test_data 1
             2 | test_data 2
             3 | test_data 3
(3 rows)

SELECT  hold_reason_id, hold_reason_text, queue_priority
FROM    processor_data.test_table_out_0_processed
ORDER BY id;
 hold_reason_id | hold_reason_text | queue_priority 
----------------+------------------+----------------
                |                  |               
                |                  |               
                |                  |               
(3 rows)

SELECT * FROM processor_data.test_table_out_0_push_status();
 test_table_out_0_push_status 
------------------------------
 t
(1 row)

SELECT * FROM dblink('sys_syn_test', $$SELECT user_data.test_table_out_processed()$$) AS test_table_out_processed(result text);
 result 
--------
 t
(1 row)

SELECT * FROM dblink_exec('sys_syn_test', $$UPDATE user_data.test_table SET test_table_text = 'test_data-b 2' WHERE test_table_id = 2$$);
 dblink_exec 
-------------
 UPDATE 1
(1 row)

SELECT * FROM dblink_exec('sys_syn_test', $$DELETE FROM user_data.test_table WHERE test_table_id = 1$$);
 dblink_exec 
-------------
 DELETE 1
(1 row)

SELECT * FROM dblink_exec('sys_syn_test', $$UPDATE sys_syn.trans_id_mod SET trans_id_mod = trans_id_mod + 1$$);
 dblink_exec 
-------------
 UPDATE 0
(1 row)

SELECT * FROM dblink('sys_syn_test', $$SELECT user_data.test_table_pull(FALSE)$$) AS test_table_pull(result text);
 result 
--------
 t
(1 row)

SELECT * FROM dblink('sys_syn_test', $$SELECT user_data.test_table_out_move()$$) AS test_table_out_move(result text);
 result 
--------
 t
(1 row)

SELECT * FROM processor_data.test_table_out_0_claim();
 test_table_out_0_claim 
------------------------
 t
(1 row)

SELECT * FROM processor_data.test_table_out_0_pull();
 test_table_out_0_pull 
-----------------------
 t
(1 row)

SELECT  trans_id_in, delta_type, queue_priority, hold_updated, prior_hold_reason_count, prior_hold_reason_id, prior_hold_reason_text, id, attributes, no_diff
FROM    processor_data.test_table_out_0_processing
ORDER BY id, attributes;
 trans_id_in | delta_type | queue_priority | hold_updated | prior_hold_reason_count | prior_hold_reason_id | prior_hold_reason_text | id  |    attributes     | no_diff 
-------------+------------+----------------+--------------+-------------------------+----------------------+------------------------+-----+-------------------+---------
          25 | Delete     |                |              |                         |                      |                        | (1) | ()                | 
          25 | Change     |                |              |                         |                      |                        | (2) | ("test_data-b 2") | 
(2 rows)

SELECT * FROM processor_data.test_table_out_0_process();
 test_table_out_0_process 
--------------------------
 t
(1 row)

SELECT  *
FROM    processor_data.test_table_out
ORDER BY test_table_id, test_table_text;
 test_table_id | test_table_text 
---------------+-----------------
             2 | test_data-b 2
             3 | test_data 3
(2 rows)

SELECT  hold_reason_id, hold_reason_text, queue_priority
FROM    processor_data.test_table_out_0_processed
ORDER BY id;
 hold_reason_id | hold_reason_text | queue_priority 
----------------+------------------+----------------
                |                  |               
                |                  |               
(2 rows)

SELECT dblink_exec('sys_syn_test', 'ROLLBACK');
 dblink_exec 
-------------
 ROLLBACK
(1 row)

SELECT dblink_disconnect('sys_syn_test');
 dblink_disconnect 
-------------------
 OK
(1 row)

ROLLBACK;
