BEGIN;
CREATE EXTENSION sys_syn_dblink;
CREATE SCHEMA processor_data
        AUTHORIZATION postgres;
CREATE SCHEMA put_data
        AUTHORIZATION postgres;
SELECT  dblink_connect('sys_syn_test', 'dbname=contrib_regression host=' ||
        quote_literal(split_part((SELECT pg_settings.setting FROM pg_settings WHERE pg_settings.name = 'unix_socket_directories'), ', ', 1)) ||
        'port=' || current_setting('port'));
 dblink_connect 
----------------
 OK
(1 row)

SELECT dblink_exec('sys_syn_test', 'BEGIN');
 dblink_exec 
-------------
 BEGIN
(1 row)

INSERT INTO sys_syn_dblink.in_groups_def VALUES ('sys_syn_dblink-test', 'in');
INSERT INTO sys_syn_dblink.out_groups_def VALUES ('sys_syn_dblink-test', 'out');
INSERT INTO sys_syn_dblink.put_groups_def VALUES ('put');
SELECT sys_syn_dblink.proc_table_create (
        proc_schema     => 'processor_data',
        put_schema      => 'put_data',
        in_table_id     => 'test_table_array',
        out_group_id    => 'out',
        put_group_id    => 'put',
        dblink_connname => 'sys_syn_test');
 proc_table_create 
-------------------
 
(1 row)

SELECT * FROM processor_data.test_table_array_claim_1();
 test_table_array_claim_1 
--------------------------
 t
(1 row)

SELECT * FROM processor_data.test_table_array_pull_1();
 test_table_array_pull_1 
-------------------------
 t
(1 row)

SELECT  trans_id_in, delta_type, queue_priority, hold_updated, prior_hold_reason_count, prior_hold_reason_id, prior_hold_reason_text, id, attributes, no_diff
FROM    processor_data.test_table_array_processing_1
ORDER BY id, attributes;
 trans_id_in | delta_type | queue_priority | hold_updated | prior_hold_reason_count | prior_hold_reason_id | prior_hold_reason_text | id  |                                                   attributes                                                    | no_diff 
-------------+------------+----------------+--------------+-------------------------+----------------------+------------------------+-----+-----------------------------------------------------------------------------------------------------------------+---------
           7 | Add        |                |              |                         |                      |                        | (1) | {"(\"Thu Jan 01 19:04:05 2009 PST\",\"test_data1 v1\")","(\"Fri Jan 01 19:04:05 2010 PST\",\"test_data1 v2\")"} | 
           7 | Add        |                |              |                         |                      |                        | (2) | {"(\"Sat Jan 01 19:04:05 2011 PST\",\"test_data2 v1\")","(\"Sun Jan 01 19:04:05 2012 PST\",\"test_data2 v2\")"} | 
(2 rows)

SELECT * FROM processor_data.test_table_array_process_1();
 test_table_array_process_1 
----------------------------
 t
(1 row)

SELECT  test_table_array_id, test_table_array_updated, test_table_array_text
FROM    put_data.test_table_array
ORDER BY test_table_array_id, test_table_array_text;
 test_table_array_id |   test_table_array_updated   | test_table_array_text 
---------------------+------------------------------+-----------------------
                   1 | Thu Jan 01 19:04:05 2009 PST | test_data1 v1
                   1 | Fri Jan 01 19:04:05 2010 PST | test_data1 v2
                   2 | Sat Jan 01 19:04:05 2011 PST | test_data2 v1
                   2 | Sun Jan 01 19:04:05 2012 PST | test_data2 v2
(4 rows)

SELECT  hold_reason_id, hold_reason_text, queue_priority
FROM    processor_data.test_table_array_processed_1
ORDER BY id;
 hold_reason_id | hold_reason_text | queue_priority 
----------------+------------------+----------------
                |                  |               
                |                  |               
(2 rows)

SELECT * FROM processor_data.test_table_array_push_status_1();
 test_table_array_push_status_1 
--------------------------------
 t
(1 row)

SELECT * FROM dblink('sys_syn_test', $$SELECT user_data.test_table_array_out_processed_1()$$) AS test_table_array_processed_1(result text);
 result 
--------
 t
(1 row)

SELECT * FROM dblink_exec('sys_syn_test', $$UPDATE user_data.test_table_array SET test_table_array_text = 'test_data2 v3' WHERE test_table_array_id = 2$$);
 dblink_exec 
-------------
 UPDATE 2
(1 row)

SELECT * FROM dblink_exec('sys_syn_test', $$DELETE FROM user_data.test_table_array WHERE test_table_array_id = 1$$);
 dblink_exec 
-------------
 DELETE 2
(1 row)

SELECT * FROM dblink_exec('sys_syn_test', $$UPDATE sys_syn.trans_id_mod SET trans_id_mod = trans_id_mod + 1$$);
 dblink_exec 
-------------
 UPDATE 0
(1 row)

SELECT * FROM dblink('sys_syn_test', $$SELECT user_data.test_table_array_pull(FALSE)$$) AS test_table_pull(result text);
 result 
--------
 t
(1 row)

SELECT * FROM dblink('sys_syn_test', $$SELECT user_data.test_table_array_out_move_1()$$) AS test_table_array_move(result text);
 result 
--------
 t
(1 row)

SELECT * FROM processor_data.test_table_array_claim_1();
 test_table_array_claim_1 
--------------------------
 t
(1 row)

SELECT * FROM processor_data.test_table_array_pull_1();
 test_table_array_pull_1 
-------------------------
 t
(1 row)

SELECT  trans_id_in, delta_type, queue_priority, hold_updated, prior_hold_reason_count, prior_hold_reason_id, prior_hold_reason_text, id, attributes, no_diff
FROM    processor_data.test_table_array_processing_1
ORDER BY id, attributes;
 trans_id_in | delta_type | queue_priority | hold_updated | prior_hold_reason_count | prior_hold_reason_id | prior_hold_reason_text | id  |                                                   attributes                                                    | no_diff 
-------------+------------+----------------+--------------+-------------------------+----------------------+------------------------+-----+-----------------------------------------------------------------------------------------------------------------+---------
          38 | Delete     |                |              |                         |                      |                        | (1) | {"(,)"}                                                                                                         | 
          38 | Change     |                |              |                         |                      |                        | (2) | {"(\"Sat Jan 01 19:04:05 2011 PST\",\"test_data2 v3\")","(\"Sun Jan 01 19:04:05 2012 PST\",\"test_data2 v3\")"} | 
(2 rows)

SELECT * FROM processor_data.test_table_array_process_1();
 test_table_array_process_1 
----------------------------
 t
(1 row)

SELECT  test_table_array_id, test_table_array_updated, test_table_array_text
FROM    put_data.test_table_array
ORDER BY test_table_array_id, test_table_array_text;
 test_table_array_id |   test_table_array_updated   | test_table_array_text 
---------------------+------------------------------+-----------------------
                   2 | Sat Jan 01 19:04:05 2011 PST | test_data2 v3
                   2 | Sun Jan 01 19:04:05 2012 PST | test_data2 v3
(2 rows)

SELECT  hold_reason_id, hold_reason_text, queue_priority
FROM    processor_data.test_table_array_processed_1
ORDER BY id;
 hold_reason_id | hold_reason_text | queue_priority 
----------------+------------------+----------------
                |                  |               
                |                  |               
(2 rows)

SELECT dblink_exec('sys_syn_test', 'ROLLBACK');
 dblink_exec 
-------------
 ROLLBACK
(1 row)

SELECT dblink_disconnect('sys_syn_test');
 dblink_disconnect 
-------------------
 OK
(1 row)

ROLLBACK;
