BEGIN;
CREATE EXTENSION sys_syn_dblink;
CREATE EXTENSION temporal_tables;
CREATE EXTENSION btree_gist;
INSERT INTO sys_syn_dblink.put_table_transforms (
        priority,       in_group_id_like,       in_table_id_like,       new_put_table_name,
        add_columns
) VALUES (
        100,            'in',                   'test_table',           'test_table_temporal',
        ARRAY[
                --      column_name,            data_type,                      in_column_type,
                --      value_expression,
                --      array_order,    pos_method,             pos_before,     pos_ref_column_names_like,
                --      pos_in_column_type
                ROW(    'system_timestamp',     'timestamp with time zone',     'Attribute',
                        $$'-infinity'::timestamp with time zone$$,
                        1,              'InColumnType',         FALSE,          ARRAY[]::TEXT[],
                        'Attribute')
        ]::sys_syn_dblink.create_put_column[]
);
CREATE SCHEMA processor_data
        AUTHORIZATION postgres;
CREATE SCHEMA put_data
        AUTHORIZATION postgres;
SELECT  dblink_connect('sys_syn_test', 'dbname=contrib_regression host=' ||
        quote_literal(split_part((SELECT pg_settings.setting FROM pg_settings WHERE pg_settings.name = 'unix_socket_directories'), ', ', 1)));
 dblink_connect 
----------------
 OK
(1 row)

SELECT dblink_exec('sys_syn_test', 'BEGIN');
 dblink_exec 
-------------
 BEGIN
(1 row)

INSERT INTO sys_syn_dblink.in_groups_def VALUES ('sys_syn_test', 'in');
INSERT INTO sys_syn_dblink.out_groups_def VALUES ('sys_syn_test', 'out');
INSERT INTO sys_syn_dblink.put_groups_def VALUES ('put');
SELECT sys_syn_dblink.processing_table_create (
        proc_schema     => 'processor_data',
        in_table_id     => 'test_table',
        out_group_id    => 'out',
        put_group_id    => 'put',
        put_schema      => 'put_data',
        table_type_id   => 'sys_syn-temporal',
        dblink_connname => 'sys_syn_test');
 processing_table_create 
-------------------------
 
(1 row)

SELECT * FROM processor_data.test_table_out_0_claim();
 test_table_out_0_claim 
------------------------
 t
(1 row)

SELECT * FROM processor_data.test_table_out_0_pull();
 test_table_out_0_pull 
-----------------------
 t
(1 row)

SELECT  trans_id_in, delta_type, queue_priority, hold_updated, prior_hold_reason_count, prior_hold_reason_id, prior_hold_reason_text, id, attributes, no_diff
FROM    processor_data.test_table_out_0_processing
ORDER BY id, attributes;
 trans_id_in | delta_type | queue_priority | hold_updated | prior_hold_reason_count | prior_hold_reason_id | prior_hold_reason_text | id  |   attributes    | no_diff 
-------------+------------+----------------+--------------+-------------------------+----------------------+------------------------+-----+-----------------+---------
           1 | Add        |                |              |                         |                      |                        | (1) | ("test_data 1") | 
           1 | Add        |                |              |                         |                      |                        | (2) | ("test_data 2") | 
           1 | Add        |                |              |                         |                      |                        | (3) | ("test_data 3") | 
(3 rows)

SELECT * FROM processor_data.test_table_out_0_process();
 test_table_out_0_process 
--------------------------
 t
(1 row)

SELECT  test_table_id, system_timestamp, test_table_text
FROM    put_data.test_table_temporal
ORDER BY test_table_id, system_timestamp, test_table_text;
 test_table_id | system_timestamp | test_table_text 
---------------+------------------+-----------------
             1 | [-infinity,)     | test_data 1
             2 | [-infinity,)     | test_data 2
             3 | [-infinity,)     | test_data 3
(3 rows)

SELECT  test_table_id, system_timestamp, test_table_text
FROM    put_data.test_table_temporal_history
ORDER BY test_table_id, system_timestamp, test_table_text;
 test_table_id | system_timestamp | test_table_text 
---------------+------------------+-----------------
             1 | [-infinity,)     | test_data 1
             2 | [-infinity,)     | test_data 2
             3 | [-infinity,)     | test_data 3
(3 rows)

SELECT  hold_reason_id, hold_reason_text, queue_priority
FROM    processor_data.test_table_out_0_processed
ORDER BY id;
 hold_reason_id | hold_reason_text | queue_priority 
----------------+------------------+----------------
                |                  |               
                |                  |               
                |                  |               
(3 rows)

SELECT * FROM processor_data.test_table_out_0_push_status();
 test_table_out_0_push_status 
------------------------------
 t
(1 row)

SELECT dblink_exec('sys_syn_test', 'ROLLBACK');
 dblink_exec 
-------------
 ROLLBACK
(1 row)

SELECT dblink_disconnect('sys_syn_test');
 dblink_disconnect 
-------------------
 OK
(1 row)

ROLLBACK;
