BEGIN;
CREATE EXTENSION sys_syn_dblink;
CREATE SCHEMA processor_data
        AUTHORIZATION postgres;
SELECT  dblink_connect('sys_syn_test', 'dbname=contrib_regression host=' ||
        quote_literal(split_part((SELECT pg_settings.setting FROM pg_settings WHERE pg_settings.name = 'unix_socket_directories'), ', ', 1)) ||
        'port=' || current_setting('port'));
 dblink_connect 
----------------
 OK
(1 row)

SELECT dblink_exec('sys_syn_test', 'BEGIN');
 dblink_exec 
-------------
 BEGIN
(1 row)

INSERT INTO sys_syn_dblink.in_groups_def VALUES ('sys_syn_dblink-test', 'in');
INSERT INTO sys_syn_dblink.out_groups_def VALUES ('sys_syn_dblink-test', 'out');
INSERT INTO sys_syn_dblink.put_groups_def VALUES ('put');
SELECT sys_syn_dblink.proc_table_create (
        proc_schema     => 'processor_data',
        in_table_id     => 'parent_table',
        out_group_id    => 'out',
        put_group_id    => 'put',
        dblink_connname => 'sys_syn_test');
 proc_table_create 
-------------------
 
(1 row)

SELECT * FROM processor_data.parent_table_claim_1();
 parent_table_claim_1 
----------------------
 t
(1 row)

SELECT * FROM processor_data.parent_table_pull_1();
 parent_table_pull_1 
---------------------
 t
(1 row)

SELECT  trans_id_in, delta_type, queue_priority, hold_updated, prior_hold_reason_count, prior_hold_reason_id, prior_hold_reason_text, id, attributes, no_diff
FROM    processor_data.parent_table_processing_1
ORDER BY id, attributes;
 trans_id_in | delta_type | queue_priority | hold_updated | prior_hold_reason_count | prior_hold_reason_id | prior_hold_reason_text | id  |  attributes   | no_diff 
-------------+------------+----------------+--------------+-------------------------+----------------------+------------------------+-----+---------------+---------
          15 | Add        |                |              |                         |                      |                        | (1) | (parent_data) | 
(1 row)

SELECT * FROM processor_data.parent_table_process_1();
 parent_table_process_1 
------------------------
 t
(1 row)

SELECT  *
FROM    public.parent_table
ORDER BY parent_table_id, parent_table_text;
 parent_table_id | parent_table_text 
-----------------+-------------------
               1 | parent_data
(1 row)

SELECT * FROM processor_data.parent_table_push_status_1();
 parent_table_push_status_1 
----------------------------
 t
(1 row)

SELECT * FROM dblink('sys_syn_test', 'SELECT * FROM user_data.parent_table_out_processed_1()') AS result(result boolean);
 result 
--------
 t
(1 row)

SELECT dblink_exec('sys_syn_test', 'UPDATE sys_syn.trans_id_mod SET trans_id_mod = trans_id_mod + 1');
 dblink_exec 
-------------
 UPDATE 0
(1 row)

SELECT dblink_exec('sys_syn_test', 'SET LOCAL sys_syn.trans_id_curr TO 2');
 dblink_exec 
-------------
 SET
(1 row)

SELECT * FROM dblink('sys_syn_test', 'SELECT * FROM user_data.child_table_pull(FALSE)') AS result(result boolean);
 result 
--------
 t
(1 row)

SELECT * FROM dblink('sys_syn_test', 'SELECT * FROM user_data.child_table_out_move_1()') AS result(result boolean);
 result 
--------
 t
(1 row)

SELECT sys_syn_dblink.proc_table_create (
        proc_schema     => 'processor_data',
        in_table_id     => 'child_table',
        out_group_id    => 'out',
        put_group_id    => 'put',
        dblink_connname => 'sys_syn_test');
 proc_table_create 
-------------------
 
(1 row)

SELECT  cluster_id,             foreign_proc_table_id,  foreign_key_index,
        primary_in_table_id,    foreign_column_name,    primary_column_name
FROM    sys_syn_dblink.proc_foreign_keys
ORDER BY cluster_id, foreign_proc_table_id, foreign_key_index, foreign_column_name;
     cluster_id      | foreign_proc_table_id | foreign_key_index | primary_in_table_id | foreign_column_name | primary_column_name 
---------------------+-----------------------+-------------------+---------------------+---------------------+---------------------
 sys_syn_dblink-test | child_table           |                 1 | parent_table        | parent_table_id     | parent_table_id
(1 row)

SELECT * FROM processor_data.child_table_claim_1();
 child_table_claim_1 
---------------------
 t
(1 row)

SELECT * FROM processor_data.child_table_pull_1();
 child_table_pull_1 
--------------------
 t
(1 row)

SELECT  trans_id_in, delta_type, queue_priority, hold_updated, prior_hold_reason_count, prior_hold_reason_id, prior_hold_reason_text, id, attributes, no_diff
FROM    processor_data.child_table_processing_1
ORDER BY id, attributes;
 trans_id_in | delta_type | queue_priority | hold_updated | prior_hold_reason_count | prior_hold_reason_id | prior_hold_reason_text | id  | attributes | no_diff 
-------------+------------+----------------+--------------+-------------------------+----------------------+------------------------+-----+------------+---------
           2 | Add        |                |              |                         |                      |                        | (2) | (1)        | 
(1 row)

SELECT * FROM processor_data.child_table_process_1();
 child_table_process_1 
-----------------------
 t
(1 row)

SELECT  *
FROM    public.child_table
ORDER BY child_table_id, parent_table_id;
 child_table_id | parent_table_id 
----------------+-----------------
              2 |               1
(1 row)

SELECT * FROM processor_data.child_table_push_status_1();
 child_table_push_status_1 
---------------------------
 t
(1 row)

SELECT dblink_exec('sys_syn_test', 'ROLLBACK');
 dblink_exec 
-------------
 ROLLBACK
(1 row)

SELECT dblink_disconnect('sys_syn_test');
 dblink_disconnect 
-------------------
 OK
(1 row)

ROLLBACK;
