BEGIN;
CREATE EXTENSION sys_syn_dblink;
CREATE SCHEMA processor_data
        AUTHORIZATION postgres;
SELECT  dblink_connect('sys_syn_test', 'dbname=contrib_regression host=' ||
        quote_literal(split_part((SELECT pg_settings.setting FROM pg_settings WHERE pg_settings.name = 'unix_socket_directories'), ', ', 1)) ||
        'port=' || current_setting('port'));
 dblink_connect 
----------------
 OK
(1 row)

SELECT dblink_exec('sys_syn_test', 'BEGIN');
 dblink_exec 
-------------
 BEGIN
(1 row)

INSERT INTO sys_syn_dblink.in_groups_def VALUES ('sys_syn_dblink-test', 'in');
INSERT INTO sys_syn_dblink.out_groups_def VALUES ('sys_syn_dblink-test', 'out');
INSERT INTO sys_syn_dblink.put_groups_def VALUES ('put');
SELECT sys_syn_dblink.proc_table_create (
        proc_schema     => 'processor_data',
        in_table_id     => 'test_table_part',
        out_group_id    => 'out',
        put_group_id    => 'put',
        dblink_connname => 'sys_syn_test');
 proc_table_create 
-------------------
 
(1 row)

SELECT * FROM processor_data.test_table_part_claim_1();
 test_table_part_claim_1 
-------------------------
 t
(1 row)

SELECT * FROM processor_data.test_table_part_claim_2();
 test_table_part_claim_2 
-------------------------
 t
(1 row)

SELECT * FROM processor_data.test_table_part_claim_3();
 test_table_part_claim_3 
-------------------------
 t
(1 row)

SELECT * FROM processor_data.test_table_part_pull_1();
 test_table_part_pull_1 
------------------------
 t
(1 row)

SELECT * FROM processor_data.test_table_part_pull_2();
 test_table_part_pull_2 
------------------------
 t
(1 row)

SELECT * FROM processor_data.test_table_part_pull_3();
 test_table_part_pull_3 
------------------------
 t
(1 row)

SELECT  trans_id_in, delta_type, queue_priority, hold_updated, prior_hold_reason_count, prior_hold_reason_id, prior_hold_reason_text, id, attributes, no_diff
FROM    processor_data.test_table_part_processing_1
ORDER BY id, attributes;
 trans_id_in | delta_type | queue_priority | hold_updated | prior_hold_reason_count | prior_hold_reason_id | prior_hold_reason_text |  id  |    attributes    | no_diff 
-------------+------------+----------------+--------------+-------------------------+----------------------+------------------------+------+------------------+---------
          17 | Add        |                |              |                         |                      |                        | (2)  | ("test_data 2")  | 
          17 | Add        |                |              |                         |                      |                        | (5)  | ("test_data 5")  | 
          17 | Add        |                |              |                         |                      |                        | (7)  | ("test_data 7")  | 
          17 | Add        |                |              |                         |                      |                        | (8)  | ("test_data 8")  | 
          17 | Add        |                |              |                         |                      |                        | (10) | ("test_data 10") | 
(5 rows)

SELECT  trans_id_in, delta_type, queue_priority, hold_updated, prior_hold_reason_count, prior_hold_reason_id, prior_hold_reason_text, id, attributes, no_diff
FROM    processor_data.test_table_part_processing_2
ORDER BY id, attributes;
 trans_id_in | delta_type | queue_priority | hold_updated | prior_hold_reason_count | prior_hold_reason_id | prior_hold_reason_text | id  |   attributes    | no_diff 
-------------+------------+----------------+--------------+-------------------------+----------------------+------------------------+-----+-----------------+---------
          17 | Add        |                |              |                         |                      |                        | (4) | ("test_data 4") | 
          17 | Add        |                |              |                         |                      |                        | (9) | ("test_data 9") | 
(2 rows)

SELECT  trans_id_in, delta_type, queue_priority, hold_updated, prior_hold_reason_count, prior_hold_reason_id, prior_hold_reason_text, id, attributes, no_diff
FROM    processor_data.test_table_part_processing_3
ORDER BY id, attributes;
 trans_id_in | delta_type | queue_priority | hold_updated | prior_hold_reason_count | prior_hold_reason_id | prior_hold_reason_text | id  |   attributes    | no_diff 
-------------+------------+----------------+--------------+-------------------------+----------------------+------------------------+-----+-----------------+---------
          17 | Add        |                |              |                         |                      |                        | (1) | ("test_data 1") | 
          17 | Add        |                |              |                         |                      |                        | (3) | ("test_data 3") | 
          17 | Add        |                |              |                         |                      |                        | (6) | ("test_data 6") | 
(3 rows)

SELECT * FROM processor_data.test_table_part_process_1();
 test_table_part_process_1 
---------------------------
 t
(1 row)

SELECT * FROM processor_data.test_table_part_process_2();
 test_table_part_process_2 
---------------------------
 t
(1 row)

SELECT * FROM processor_data.test_table_part_process_3();
 test_table_part_process_3 
---------------------------
 t
(1 row)

SELECT  *
FROM    public.test_table_part
ORDER BY test_table_id, test_table_text;
 test_table_id | test_table_text 
---------------+-----------------
             1 | test_data 1
             2 | test_data 2
             3 | test_data 3
             4 | test_data 4
             5 | test_data 5
             6 | test_data 6
             7 | test_data 7
             8 | test_data 8
             9 | test_data 9
            10 | test_data 10
(10 rows)

SELECT * FROM processor_data.test_table_part_push_status_1();
 test_table_part_push_status_1 
-------------------------------
 t
(1 row)

SELECT * FROM processor_data.test_table_part_push_status_2();
 test_table_part_push_status_2 
-------------------------------
 t
(1 row)

SELECT * FROM processor_data.test_table_part_push_status_3();
 test_table_part_push_status_3 
-------------------------------
 t
(1 row)

SELECT dblink_exec('sys_syn_test', 'ROLLBACK');
 dblink_exec 
-------------
 ROLLBACK
(1 row)

SELECT dblink_disconnect('sys_syn_test');
 dblink_disconnect 
-------------------
 OK
(1 row)

ROLLBACK;
