BEGIN;
CREATE EXTENSION sys_syn_dblink;
CREATE EXTENSION btree_gist;
CREATE SCHEMA processor_data
        AUTHORIZATION postgres;
CREATE SCHEMA put_data
        AUTHORIZATION postgres;
SELECT  dblink_connect('sys_syn_test', 'dbname=contrib_regression host=' ||
        quote_literal(split_part((SELECT pg_settings.setting FROM pg_settings WHERE pg_settings.name = 'unix_socket_directories'), ', ', 1)));
 dblink_connect 
----------------
 OK
(1 row)

SELECT dblink_exec('sys_syn_test', 'BEGIN');
 dblink_exec 
-------------
 BEGIN
(1 row)

INSERT INTO sys_syn_dblink.in_groups_def VALUES ('sys_syn_dblink-test', 'in');
INSERT INTO sys_syn_dblink.out_groups_def VALUES ('sys_syn_dblink-test', 'out');
INSERT INTO sys_syn_dblink.put_groups_def VALUES ('put');
SELECT sys_syn_dblink.proc_table_create (
        proc_schema     => 'processor_data',
        in_table_id     => 'test_table_range',
        out_group_id    => 'out',
        put_group_id    => 'put',
        put_schema      => 'put_data',
        table_type_id   => 'sys_syn-range',
        dblink_connname => 'sys_syn_test');
 proc_table_create 
-------------------
 
(1 row)

SELECT * FROM processor_data.test_table_range_claim_1();
 test_table_range_claim_1 
--------------------------
 t
(1 row)

SELECT * FROM processor_data.test_table_range_pull_1();
 test_table_range_pull_1 
-------------------------
 t
(1 row)

SELECT  trans_id_in, delta_type, queue_priority, hold_updated, prior_hold_reason_count, prior_hold_reason_id, prior_hold_reason_text, id, attributes, no_diff
FROM    processor_data.test_table_range_processing_1
ORDER BY id, attributes;
 trans_id_in | delta_type | queue_priority | hold_updated | prior_hold_reason_count | prior_hold_reason_id | prior_hold_reason_text | id  |                                                                                                                                                                                                                                                                                                                                                                                                                                                                     attributes                                                                                                                                                                                                                                                                                                                                                                                                                                                                     | no_diff 
-------------+------------+----------------+--------------+-------------------------+----------------------+------------------------+-----+----------------------------------------------------------------------------------------------------------------------------------------------------------------------------------------------------------------------------------------------------------------------------------------------------------------------------------------------------------------------------------------------------------------------------------------------------------------------------------------------------------------------------------------------------------------------------------------------------------------------------------------------------------------------------------------------------------------------------------------------------------------------------------------------------------------------------------------------------------------------------------------------------------------------------------------------------+---------
          21 | Add        |                |              |                         |                      |                        | (1) | {"(\"Mon Jan 01 04:34:51 2001 PST\",,01-01-2000,,1,2,\"Test 1\")","(\"Mon Jan 01 04:34:51 2001 PST\",,01-02-2000,,1,2,\"Test 2\")","(\"Mon Jan 01 04:34:51 2001 PST\",,01-03-2000,01-04-2000,1,2,\"Test 3\")","(\"Mon Jan 01 04:34:51 2001 PST\",,01-03-2000,01-04-2000,2,,\"Test 4\")","(\"Mon Jan 01 04:34:51 2001 PST\",,01-03-2000,01-04-2000,3,4,\"Test 5\")","(\"Tue Jan 01 04:34:51 2002 PST\",,01-01-2000,,1,2,\"Test 6\")","(\"Tue Jan 01 04:34:51 2002 PST\",,01-02-2000,,1,,\"Test 7\")","(\"Tue Jan 01 04:34:51 2002 PST\",,01-03-2000,01-04-2000,1,,\"Test 8\")","(\"Tue Jan 01 04:34:51 2002 PST\",,01-03-2000,01-04-2000,2,,\"Test 9\")","(\"Tue Jan 01 04:34:51 2002 PST\",,01-03-2000,01-04-2000,3,,\"Test 10\")","(\"Wed Jan 01 04:34:51 2003 PST\",,01-01-2000,,1,,\"Test 11\")","(\"Wed Jan 01 04:34:51 2003 PST\",,01-02-2000,,1,2,\"Test 12\")","(\"Wed Jan 01 04:34:51 2003 PST\",,01-03-2000,01-04-2000,1,2,\"Test 13\")"} | 
(1 row)

SELECT * FROM processor_data.test_table_range_process_1();
 test_table_range_process_1 
----------------------------
 t
(1 row)

SELECT  test_table_range_id, test_table_range_time_start, test_table_range_date_start, test_table_range_int_start, test_table_range_text
FROM    put_data.test_table_range
ORDER BY test_table_range_id, test_table_range_time_start, test_table_range_date_start, test_table_range_int_start;
 test_table_range_id |                   test_table_range_time_start                   | test_table_range_date_start | test_table_range_int_start | test_table_range_text 
---------------------+-----------------------------------------------------------------+-----------------------------+----------------------------+-----------------------
                   1 | ["Mon Jan 01 04:34:51 2001 PST","Tue Jan 01 04:34:51 2002 PST") | [01-01-2000,01-02-2000)     | [1,2)                      | Test 1
                   1 | ["Mon Jan 01 04:34:51 2001 PST","Tue Jan 01 04:34:51 2002 PST") | [01-02-2000,01-03-2000)     | [1,2)                      | Test 2
                   1 | ["Mon Jan 01 04:34:51 2001 PST","Tue Jan 01 04:34:51 2002 PST") | [01-03-2000,01-04-2000)     | [1,2)                      | Test 3
                   1 | ["Mon Jan 01 04:34:51 2001 PST","Tue Jan 01 04:34:51 2002 PST") | [01-03-2000,01-04-2000)     | [2,3)                      | Test 4
                   1 | ["Mon Jan 01 04:34:51 2001 PST","Tue Jan 01 04:34:51 2002 PST") | [01-03-2000,01-04-2000)     | [3,4)                      | Test 5
                   1 | ["Tue Jan 01 04:34:51 2002 PST","Wed Jan 01 04:34:51 2003 PST") | [01-01-2000,01-02-2000)     | [1,2)                      | Test 6
                   1 | ["Tue Jan 01 04:34:51 2002 PST","Wed Jan 01 04:34:51 2003 PST") | [01-02-2000,01-03-2000)     | [1,)                       | Test 7
                   1 | ["Tue Jan 01 04:34:51 2002 PST","Wed Jan 01 04:34:51 2003 PST") | [01-03-2000,01-04-2000)     | [1,2)                      | Test 8
                   1 | ["Tue Jan 01 04:34:51 2002 PST","Wed Jan 01 04:34:51 2003 PST") | [01-03-2000,01-04-2000)     | [2,3)                      | Test 9
                   1 | ["Tue Jan 01 04:34:51 2002 PST","Wed Jan 01 04:34:51 2003 PST") | [01-03-2000,01-04-2000)     | [3,)                       | Test 10
                   1 | ["Wed Jan 01 04:34:51 2003 PST",)                               | [01-01-2000,01-02-2000)     | [1,)                       | Test 11
                   1 | ["Wed Jan 01 04:34:51 2003 PST",)                               | [01-02-2000,01-03-2000)     | [1,2)                      | Test 12
                   1 | ["Wed Jan 01 04:34:51 2003 PST",)                               | [01-03-2000,01-04-2000)     | [1,2)                      | Test 13
(13 rows)

SELECT  hold_reason_id, hold_reason_text, queue_priority
FROM    processor_data.test_table_range_processed_1
ORDER BY id;
 hold_reason_id | hold_reason_text | queue_priority 
----------------+------------------+----------------
                |                  |               
(1 row)

SELECT * FROM processor_data.test_table_range_push_status_1();
 test_table_range_push_status_1 
--------------------------------
 t
(1 row)

SELECT dblink_exec('sys_syn_test', 'ROLLBACK');
 dblink_exec 
-------------
 ROLLBACK
(1 row)

SELECT dblink_disconnect('sys_syn_test');
 dblink_disconnect 
-------------------
 OK
(1 row)

ROLLBACK;
